2026-06-04 10:30:38,907 - INFO - Bot4 started
2026-06-04 10:30:40,478 - INFO - HTTP Request: POST https://api.telegram.org/bot8889448457:AAFHxj3rQzqqcVtOi7qPZ86-iek9Wtkyjts/getMe "HTTP/1.1 200 OK"
2026-06-04 10:30:40,683 - INFO - HTTP Request: POST https://api.telegram.org/bot8889448457:AAFHxj3rQzqqcVtOi7qPZ86-iek9Wtkyjts/deleteWebhook "HTTP/1.1 200 OK"
2026-06-04 10:30:40,690 - INFO - Scheduler started
2026-06-04 10:30:40,690 - INFO - Application started
2026-06-04 10:30:41,547 - INFO - HTTP Request: POST https://api.telegram.org/bot8889448457:AAFHxj3rQzqqcVtOi7qPZ86-iek9Wtkyjts/getUpdates "HTTP/1.1 200 OK"
2026-06-04 10:30:41,589 - ERROR - name 'is_spam' is not defined
2026-06-04 10:30:51,746 - INFO - HTTP Request: POST https://api.telegram.org/bot8889448457:AAFHxj3rQzqqcVtOi7qPZ86-iek9Wtkyjts/getUpdates "HTTP/1.1 200 OK"
2026-06-04 10:31:01,908 - INFO - HTTP Request: POST https://api.telegram.org/bot8889448457:AAFHxj3rQzqqcVtOi7qPZ86-iek9Wtkyjts/getUpdates "HTTP/1.1 200 OK"
2026-06-04 10:31:12,083 - INFO - HTTP Request: POST https://api.telegram.org/bot8889448457:AAFHxj3rQzqqcVtOi7qPZ86-iek9Wtkyjts/getUpdates "HTTP/1.1 200 OK"
2026-06-04 10:31:22,249 - INFO - HTTP Request: POST https://api.telegram.org/bot8889448457:AAFHxj3rQzqqcVtOi7qPZ86-iek9Wtkyjts/getUpdates "HTTP/1.1 200 OK"
2026-06-04 10:31:32,417 - INFO - HTTP Request: POST https://api.telegram.org/bot8889448457:AAFHxj3rQzqqcVtOi7qPZ86-iek9Wtkyjts/getUpdates "HTTP/1.1 200 OK"
2026-06-04 10:31:42,585 - INFO - HTTP Request: POST https://api.telegram.org/bot8889448457:AAFHxj3rQzqqcVtOi7qPZ86-iek9Wtkyjts/getUpdates "HTTP/1.1 200 OK"
2026-06-04 10:31:48,493 - INFO - HTTP Request: POST https://api.telegram.org/bot8889448457:AAFHxj3rQzqqcVtOi7qPZ86-iek9Wtkyjts/getUpdates "HTTP/1.1 200 OK"
2026-06-04 10:31:50,192 - INFO - HTTP Request: POST https://api.telegram.org/bot8889448457:AAFHxj3rQzqqcVtOi7qPZ86-iek9Wtkyjts/sendMessage "HTTP/1.1 200 OK"
2026-06-04 10:31:53,965 - INFO - HTTP Request: POST https://api.telegram.org/bot8889448457:AAFHxj3rQzqqcVtOi7qPZ86-iek9Wtkyjts/getUpdates "HTTP/1.1 200 OK"
2026-06-04 10:31:53,982 - ERROR - name 'is_spam' is not defined
2026-06-04 10:32:04,153 - INFO - HTTP Request: POST https://api.telegram.org/bot8889448457:AAFHxj3rQzqqcVtOi7qPZ86-iek9Wtkyjts/getUpdates "HTTP/1.1 200 OK"
2026-06-04 10:32:14,317 - INFO - HTTP Request: POST https://api.telegram.org/bot8889448457:AAFHxj3rQzqqcVtOi7qPZ86-iek9Wtkyjts/getUpdates "HTTP/1.1 200 OK"
2026-06-04 10:32:16,633 - INFO - HTTP Request: POST https://api.telegram.org/bot8889448457:AAFHxj3rQzqqcVtOi7qPZ86-iek9Wtkyjts/getUpdates "HTTP/1.1 200 OK"
2026-06-04 10:32:16,651 - ERROR - name 'is_spam' is not defined
2026-06-04 10:32:27,140 - INFO - HTTP Request: POST https://api.telegram.org/bot8889448457:AAFHxj3rQzqqcVtOi7qPZ86-iek9Wtkyjts/getUpdates "HTTP/1.1 200 OK"
2026-06-04 10:32:37,310 - INFO - HTTP Request: POST https://api.telegram.org/bot8889448457:AAFHxj3rQzqqcVtOi7qPZ86-iek9Wtkyjts/getUpdates "HTTP/1.1 200 OK"
2026-06-04 10:32:38,280 - INFO - HTTP Request: POST https://api.telegram.org/bot8889448457:AAFHxj3rQzqqcVtOi7qPZ86-iek9Wtkyjts/getUpdates "HTTP/1.1 200 OK"
2026-06-04 10:32:39,838 - INFO - HTTP Request: POST https://api.telegram.org/bot8889448457:AAFHxj3rQzqqcVtOi7qPZ86-iek9Wtkyjts/sendMessage "HTTP/1.1 200 OK"
2026-06-04 10:32:43,459 - INFO - HTTP Request: POST https://api.telegram.org/bot8889448457:AAFHxj3rQzqqcVtOi7qPZ86-iek9Wtkyjts/getUpdates "HTTP/1.1 200 OK"
2026-06-04 10:32:43,482 - ERROR - name 'is_spam' is not defined
2026-06-04 10:32:53,656 - INFO - HTTP Request: POST https://api.telegram.org/bot8889448457:AAFHxj3rQzqqcVtOi7qPZ86-iek9Wtkyjts/getUpdates "HTTP/1.1 200 OK"
2026-06-04 10:33:03,830 - INFO - HTTP Request: POST https://api.telegram.org/bot8889448457:AAFHxj3rQzqqcVtOi7qPZ86-iek9Wtkyjts/getUpdates "HTTP/1.1 200 OK"
2026-06-04 10:33:13,999 - INFO - HTTP Request: POST https://api.telegram.org/bot8889448457:AAFHxj3rQzqqcVtOi7qPZ86-iek9Wtkyjts/getUpdates "HTTP/1.1 200 OK"
2026-06-04 10:33:14,350 - INFO - HTTP Request: POST https://api.telegram.org/bot8889448457:AAFHxj3rQzqqcVtOi7qPZ86-iek9Wtkyjts/getUpdates "HTTP/1.1 200 OK"
2026-06-04 10:33:16,019 - INFO - HTTP Request: POST https://api.telegram.org/bot8889448457:AAFHxj3rQzqqcVtOi7qPZ86-iek9Wtkyjts/sendMessage "HTTP/1.1 200 OK"
2026-06-04 10:33:18,911 - INFO - HTTP Request: POST https://api.telegram.org/bot8889448457:AAFHxj3rQzqqcVtOi7qPZ86-iek9Wtkyjts/getUpdates "HTTP/1.1 200 OK"
2026-06-04 10:33:18,934 - ERROR - name 'is_spam' is not defined
2026-06-04 10:33:27,139 - INFO - HTTP Request: POST https://api.telegram.org/bot8889448457:AAFHxj3rQzqqcVtOi7qPZ86-iek9Wtkyjts/getUpdates "HTTP/1.1 200 OK"
2026-06-04 10:33:27,142 - INFO - Application is stopping. This might take a moment.
2026-06-04 10:33:27,143 - INFO - Scheduler has been shut down
2026-06-04 10:33:27,155 - INFO - Application.stop() complete
2026-06-04 10:50:19,838 - INFO - Bot4 started
2026-06-04 10:50:21,456 - INFO - HTTP Request: POST https://api.telegram.org/bot8889448457:AAFHxj3rQzqqcVtOi7qPZ86-iek9Wtkyjts/getMe "HTTP/1.1 200 OK"
2026-06-04 10:50:21,627 - INFO - HTTP Request: POST https://api.telegram.org/bot8889448457:AAFHxj3rQzqqcVtOi7qPZ86-iek9Wtkyjts/deleteWebhook "HTTP/1.1 200 OK"
2026-06-04 10:50:21,632 - INFO - Scheduler started
2026-06-04 10:50:21,633 - INFO - Application started
2026-06-04 10:50:22,403 - INFO - HTTP Request: POST https://api.telegram.org/bot8889448457:AAFHxj3rQzqqcVtOi7qPZ86-iek9Wtkyjts/getUpdates "HTTP/1.1 200 OK"
2026-06-04 10:50:22,624 - INFO - HTTP Request: POST https://api.telegram.org/bot8889448457:AAFHxj3rQzqqcVtOi7qPZ86-iek9Wtkyjts/sendMessage "HTTP/1.1 200 OK"
2026-06-04 10:50:22,642 - INFO - start: 7831930591
2026-06-04 10:50:22,853 - INFO - HTTP Request: POST https://api.telegram.org/bot8889448457:AAFHxj3rQzqqcVtOi7qPZ86-iek9Wtkyjts/sendMessage "HTTP/1.1 200 OK"
2026-06-04 10:50:31,285 - INFO - HTTP Request: POST https://api.telegram.org/bot8889448457:AAFHxj3rQzqqcVtOi7qPZ86-iek9Wtkyjts/getUpdates "HTTP/1.1 200 OK"
2026-06-04 10:50:31,308 - INFO - start: 7831930591
2026-06-04 10:50:32,268 - INFO - HTTP Request: POST https://api.telegram.org/bot8889448457:AAFHxj3rQzqqcVtOi7qPZ86-iek9Wtkyjts/sendMessage "HTTP/1.1 200 OK"
2026-06-04 10:50:33,996 - INFO - HTTP Request: POST https://api.telegram.org/bot8889448457:AAFHxj3rQzqqcVtOi7qPZ86-iek9Wtkyjts/getUpdates "HTTP/1.1 200 OK"
2026-06-04 10:50:34,223 - INFO - HTTP Request: POST https://api.telegram.org/bot8889448457:AAFHxj3rQzqqcVtOi7qPZ86-iek9Wtkyjts/sendMessage "HTTP/1.1 200 OK"
2026-06-04 10:50:36,581 - INFO - HTTP Request: POST https://api.telegram.org/bot8889448457:AAFHxj3rQzqqcVtOi7qPZ86-iek9Wtkyjts/getUpdates "HTTP/1.1 200 OK"
2026-06-04 10:50:36,799 - INFO - HTTP Request: POST https://api.telegram.org/bot8889448457:AAFHxj3rQzqqcVtOi7qPZ86-iek9Wtkyjts/sendMessage "HTTP/1.1 200 OK"
2026-06-04 10:50:38,755 - INFO - HTTP Request: POST https://api.telegram.org/bot8889448457:AAFHxj3rQzqqcVtOi7qPZ86-iek9Wtkyjts/getUpdates "HTTP/1.1 200 OK"
2026-06-04 10:50:38,967 - INFO - HTTP Request: POST https://api.telegram.org/bot8889448457:AAFHxj3rQzqqcVtOi7qPZ86-iek9Wtkyjts/sendMessage "HTTP/1.1 200 OK"
2026-06-04 10:50:40,734 - INFO - HTTP Request: POST https://api.telegram.org/bot8889448457:AAFHxj3rQzqqcVtOi7qPZ86-iek9Wtkyjts/getUpdates "HTTP/1.1 200 OK"
2026-06-04 10:50:40,918 - INFO - HTTP Request: POST https://api.telegram.org/bot8889448457:AAFHxj3rQzqqcVtOi7qPZ86-iek9Wtkyjts/answerCallbackQuery "HTTP/1.1 200 OK"
2026-06-04 10:50:41,121 - INFO - HTTP Request: POST https://api.telegram.org/bot8889448457:AAFHxj3rQzqqcVtOi7qPZ86-iek9Wtkyjts/editMessageText "HTTP/1.1 200 OK"
2026-06-04 10:50:43,105 - INFO - HTTP Request: POST https://api.telegram.org/bot8889448457:AAFHxj3rQzqqcVtOi7qPZ86-iek9Wtkyjts/getUpdates "HTTP/1.1 200 OK"
2026-06-04 10:50:43,368 - INFO - HTTP Request: POST https://api.telegram.org/bot8889448457:AAFHxj3rQzqqcVtOi7qPZ86-iek9Wtkyjts/sendMessage "HTTP/1.1 200 OK"
2026-06-04 10:50:44,989 - INFO - HTTP Request: POST https://api.telegram.org/bot8889448457:AAFHxj3rQzqqcVtOi7qPZ86-iek9Wtkyjts/getUpdates "HTTP/1.1 200 OK"
2026-06-04 10:50:45,174 - INFO - HTTP Request: POST https://api.telegram.org/bot8889448457:AAFHxj3rQzqqcVtOi7qPZ86-iek9Wtkyjts/answerCallbackQuery "HTTP/1.1 200 OK"
2026-06-04 10:50:45,377 - INFO - HTTP Request: POST https://api.telegram.org/bot8889448457:AAFHxj3rQzqqcVtOi7qPZ86-iek9Wtkyjts/editMessageText "HTTP/1.1 200 OK"
2026-06-04 10:50:47,226 - INFO - HTTP Request: POST https://api.telegram.org/bot8889448457:AAFHxj3rQzqqcVtOi7qPZ86-iek9Wtkyjts/getUpdates "HTTP/1.1 200 OK"
2026-06-04 10:50:47,454 - INFO - HTTP Request: POST https://api.telegram.org/bot8889448457:AAFHxj3rQzqqcVtOi7qPZ86-iek9Wtkyjts/sendMessage "HTTP/1.1 200 OK"
2026-06-04 10:50:48,920 - INFO - HTTP Request: POST https://api.telegram.org/bot8889448457:AAFHxj3rQzqqcVtOi7qPZ86-iek9Wtkyjts/getUpdates "HTTP/1.1 200 OK"
2026-06-04 10:50:49,136 - INFO - HTTP Request: POST https://api.telegram.org/bot8889448457:AAFHxj3rQzqqcVtOi7qPZ86-iek9Wtkyjts/sendMessage "HTTP/1.1 200 OK"
2026-06-04 10:50:52,168 - INFO - HTTP Request: POST https://api.telegram.org/bot8889448457:AAFHxj3rQzqqcVtOi7qPZ86-iek9Wtkyjts/getUpdates "HTTP/1.1 200 OK"
2026-06-04 10:50:52,386 - INFO - HTTP Request: POST https://api.telegram.org/bot8889448457:AAFHxj3rQzqqcVtOi7qPZ86-iek9Wtkyjts/sendMessage "HTTP/1.1 200 OK"
2026-06-04 10:50:55,239 - INFO - HTTP Request: POST https://api.telegram.org/bot8889448457:AAFHxj3rQzqqcVtOi7qPZ86-iek9Wtkyjts/getUpdates "HTTP/1.1 200 OK"
2026-06-04 10:50:55,475 - INFO - HTTP Request: POST https://api.telegram.org/bot8889448457:AAFHxj3rQzqqcVtOi7qPZ86-iek9Wtkyjts/sendMessage "HTTP/1.1 200 OK"
2026-06-04 10:50:57,743 - INFO - HTTP Request: POST https://api.telegram.org/bot8889448457:AAFHxj3rQzqqcVtOi7qPZ86-iek9Wtkyjts/getUpdates "HTTP/1.1 200 OK"
2026-06-04 10:50:57,950 - INFO - HTTP Request: POST https://api.telegram.org/bot8889448457:AAFHxj3rQzqqcVtOi7qPZ86-iek9Wtkyjts/sendMessage "HTTP/1.1 200 OK"
2026-06-04 10:51:00,218 - INFO - HTTP Request: POST https://api.telegram.org/bot8889448457:AAFHxj3rQzqqcVtOi7qPZ86-iek9Wtkyjts/getUpdates "HTTP/1.1 200 OK"
2026-06-04 10:51:00,468 - INFO - HTTP Request: POST https://api.telegram.org/bot8889448457:AAFHxj3rQzqqcVtOi7qPZ86-iek9Wtkyjts/sendMessage "HTTP/1.1 200 OK"
2026-06-04 10:51:05,821 - INFO - HTTP Request: POST https://api.telegram.org/bot8889448457:AAFHxj3rQzqqcVtOi7qPZ86-iek9Wtkyjts/getUpdates "HTTP/1.1 200 OK"
2026-06-04 10:51:07,423 - INFO - HTTP Request: POST https://api.telegram.org/bot8889448457:AAFHxj3rQzqqcVtOi7qPZ86-iek9Wtkyjts/sendMessage "HTTP/1.1 200 OK"
2026-06-04 10:51:10,144 - INFO - HTTP Request: POST https://api.telegram.org/bot8889448457:AAFHxj3rQzqqcVtOi7qPZ86-iek9Wtkyjts/getUpdates "HTTP/1.1 200 OK"
2026-06-04 10:51:10,383 - INFO - HTTP Request: POST https://api.telegram.org/bot8889448457:AAFHxj3rQzqqcVtOi7qPZ86-iek9Wtkyjts/sendMessage "HTTP/1.1 200 OK"
2026-06-04 10:51:12,760 - INFO - HTTP Request: POST https://api.telegram.org/bot8889448457:AAFHxj3rQzqqcVtOi7qPZ86-iek9Wtkyjts/getUpdates "HTTP/1.1 200 OK"
2026-06-04 10:51:12,975 - INFO - HTTP Request: POST https://api.telegram.org/bot8889448457:AAFHxj3rQzqqcVtOi7qPZ86-iek9Wtkyjts/sendMessage "HTTP/1.1 200 OK"
2026-06-04 10:51:21,910 - INFO - HTTP Request: POST https://api.telegram.org/bot8889448457:AAFHxj3rQzqqcVtOi7qPZ86-iek9Wtkyjts/getUpdates "HTTP/1.1 200 OK"
2026-06-04 10:51:23,511 - INFO - HTTP Request: POST https://api.telegram.org/bot8889448457:AAFHxj3rQzqqcVtOi7qPZ86-iek9Wtkyjts/sendMessage "HTTP/1.1 200 OK"
2026-06-04 10:51:31,191 - INFO - HTTP Request: POST https://api.telegram.org/bot8889448457:AAFHxj3rQzqqcVtOi7qPZ86-iek9Wtkyjts/getUpdates "HTTP/1.1 200 OK"
2026-06-04 10:51:32,140 - INFO - HTTP Request: POST https://api.telegram.org/bot8889448457:AAFHxj3rQzqqcVtOi7qPZ86-iek9Wtkyjts/sendMessage "HTTP/1.1 200 OK"
2026-06-04 10:51:41,389 - INFO - HTTP Request: POST https://api.telegram.org/bot8889448457:AAFHxj3rQzqqcVtOi7qPZ86-iek9Wtkyjts/getUpdates "HTTP/1.1 200 OK"
2026-06-04 10:51:41,713 - INFO - HTTP Request: POST https://api.telegram.org/bot8889448457:AAFHxj3rQzqqcVtOi7qPZ86-iek9Wtkyjts/getUpdates "HTTP/1.1 200 OK"
2026-06-04 10:51:42,611 - INFO - HTTP Request: POST https://api.telegram.org/bot8889448457:AAFHxj3rQzqqcVtOi7qPZ86-iek9Wtkyjts/sendMessage "HTTP/1.1 200 OK"
2026-06-04 10:51:51,884 - INFO - HTTP Request: POST https://api.telegram.org/bot8889448457:AAFHxj3rQzqqcVtOi7qPZ86-iek9Wtkyjts/getUpdates "HTTP/1.1 200 OK"
2026-06-04 10:52:02,064 - INFO - HTTP Request: POST https://api.telegram.org/bot8889448457:AAFHxj3rQzqqcVtOi7qPZ86-iek9Wtkyjts/getUpdates "HTTP/1.1 200 OK"
2026-06-04 10:52:12,239 - INFO - HTTP Request: POST https://api.telegram.org/bot8889448457:AAFHxj3rQzqqcVtOi7qPZ86-iek9Wtkyjts/getUpdates "HTTP/1.1 200 OK"
2026-06-04 10:52:22,394 - INFO - HTTP Request: POST https://api.telegram.org/bot8889448457:AAFHxj3rQzqqcVtOi7qPZ86-iek9Wtkyjts/getUpdates "HTTP/1.1 200 OK"
2026-06-04 10:52:32,558 - INFO - HTTP Request: POST https://api.telegram.org/bot8889448457:AAFHxj3rQzqqcVtOi7qPZ86-iek9Wtkyjts/getUpdates "HTTP/1.1 200 OK"
2026-06-04 10:52:42,724 - INFO - HTTP Request: POST https://api.telegram.org/bot8889448457:AAFHxj3rQzqqcVtOi7qPZ86-iek9Wtkyjts/getUpdates "HTTP/1.1 200 OK"
2026-06-04 10:52:52,900 - INFO - HTTP Request: POST https://api.telegram.org/bot8889448457:AAFHxj3rQzqqcVtOi7qPZ86-iek9Wtkyjts/getUpdates "HTTP/1.1 200 OK"
2026-06-04 10:53:03,069 - INFO - HTTP Request: POST https://api.telegram.org/bot8889448457:AAFHxj3rQzqqcVtOi7qPZ86-iek9Wtkyjts/getUpdates "HTTP/1.1 200 OK"
2026-06-04 10:53:13,250 - INFO - HTTP Request: POST https://api.telegram.org/bot8889448457:AAFHxj3rQzqqcVtOi7qPZ86-iek9Wtkyjts/getUpdates "HTTP/1.1 200 OK"
2026-06-04 10:53:23,423 - INFO - HTTP Request: POST https://api.telegram.org/bot8889448457:AAFHxj3rQzqqcVtOi7qPZ86-iek9Wtkyjts/getUpdates "HTTP/1.1 200 OK"
2026-06-04 10:53:33,592 - INFO - HTTP Request: POST https://api.telegram.org/bot8889448457:AAFHxj3rQzqqcVtOi7qPZ86-iek9Wtkyjts/getUpdates "HTTP/1.1 200 OK"
2026-06-04 10:53:43,759 - INFO - HTTP Request: POST https://api.telegram.org/bot8889448457:AAFHxj3rQzqqcVtOi7qPZ86-iek9Wtkyjts/getUpdates "HTTP/1.1 200 OK"
2026-06-04 10:53:53,949 - INFO - HTTP Request: POST https://api.telegram.org/bot8889448457:AAFHxj3rQzqqcVtOi7qPZ86-iek9Wtkyjts/getUpdates "HTTP/1.1 200 OK"
2026-06-04 10:54:04,109 - INFO - HTTP Request: POST https://api.telegram.org/bot8889448457:AAFHxj3rQzqqcVtOi7qPZ86-iek9Wtkyjts/getUpdates "HTTP/1.1 200 OK"
2026-06-04 10:54:14,275 - INFO - HTTP Request: POST https://api.telegram.org/bot8889448457:AAFHxj3rQzqqcVtOi7qPZ86-iek9Wtkyjts/getUpdates "HTTP/1.1 200 OK"
2026-06-04 10:54:24,483 - INFO - HTTP Request: POST https://api.telegram.org/bot8889448457:AAFHxj3rQzqqcVtOi7qPZ86-iek9Wtkyjts/getUpdates "HTTP/1.1 200 OK"
2026-06-04 10:54:34,634 - INFO - HTTP Request: POST https://api.telegram.org/bot8889448457:AAFHxj3rQzqqcVtOi7qPZ86-iek9Wtkyjts/getUpdates "HTTP/1.1 200 OK"
2026-06-04 10:54:38,439 - INFO - HTTP Request: POST https://api.telegram.org/bot8889448457:AAFHxj3rQzqqcVtOi7qPZ86-iek9Wtkyjts/getUpdates "HTTP/1.1 200 OK"
2026-06-04 10:54:38,477 - INFO - start: 8107206146
2026-06-04 10:54:40,261 - INFO - HTTP Request: POST https://api.telegram.org/bot8889448457:AAFHxj3rQzqqcVtOi7qPZ86-iek9Wtkyjts/sendMessage "HTTP/1.1 200 OK"
2026-06-04 10:54:43,120 - INFO - HTTP Request: POST https://api.telegram.org/bot8889448457:AAFHxj3rQzqqcVtOi7qPZ86-iek9Wtkyjts/getUpdates "HTTP/1.1 200 OK"
2026-06-04 10:54:43,350 - INFO - HTTP Request: POST https://api.telegram.org/bot8889448457:AAFHxj3rQzqqcVtOi7qPZ86-iek9Wtkyjts/sendMessage "HTTP/1.1 200 OK"
2026-06-04 10:54:53,357 - INFO - HTTP Request: POST https://api.telegram.org/bot8889448457:AAFHxj3rQzqqcVtOi7qPZ86-iek9Wtkyjts/getUpdates "HTTP/1.1 200 OK"
2026-06-04 10:55:03,520 - INFO - HTTP Request: POST https://api.telegram.org/bot8889448457:AAFHxj3rQzqqcVtOi7qPZ86-iek9Wtkyjts/getUpdates "HTTP/1.1 200 OK"
2026-06-04 10:55:13,696 - INFO - HTTP Request: POST https://api.telegram.org/bot8889448457:AAFHxj3rQzqqcVtOi7qPZ86-iek9Wtkyjts/getUpdates "HTTP/1.1 200 OK"
2026-06-04 10:55:23,863 - INFO - HTTP Request: POST https://api.telegram.org/bot8889448457:AAFHxj3rQzqqcVtOi7qPZ86-iek9Wtkyjts/getUpdates "HTTP/1.1 200 OK"
2026-06-04 10:55:34,056 - INFO - HTTP Request: POST https://api.telegram.org/bot8889448457:AAFHxj3rQzqqcVtOi7qPZ86-iek9Wtkyjts/getUpdates "HTTP/1.1 200 OK"
2026-06-04 10:55:35,718 - INFO - HTTP Request: POST https://api.telegram.org/bot8889448457:AAFHxj3rQzqqcVtOi7qPZ86-iek9Wtkyjts/getUpdates "HTTP/1.1 200 OK"
2026-06-04 10:55:37,401 - INFO - HTTP Request: POST https://api.telegram.org/bot8889448457:AAFHxj3rQzqqcVtOi7qPZ86-iek9Wtkyjts/sendMessage "HTTP/1.1 200 OK"
2026-06-04 10:55:45,919 - INFO - HTTP Request: POST https://api.telegram.org/bot8889448457:AAFHxj3rQzqqcVtOi7qPZ86-iek9Wtkyjts/getUpdates "HTTP/1.1 200 OK"
2026-06-04 10:55:50,500 - INFO - HTTP Request: POST https://api.telegram.org/bot8889448457:AAFHxj3rQzqqcVtOi7qPZ86-iek9Wtkyjts/getUpdates "HTTP/1.1 200 OK"
2026-06-04 10:55:50,524 - INFO - start: 8107206146
2026-06-04 10:55:51,480 - INFO - HTTP Request: POST https://api.telegram.org/bot8889448457:AAFHxj3rQzqqcVtOi7qPZ86-iek9Wtkyjts/sendMessage "HTTP/1.1 200 OK"
2026-06-04 10:55:53,276 - INFO - HTTP Request: POST https://api.telegram.org/bot8889448457:AAFHxj3rQzqqcVtOi7qPZ86-iek9Wtkyjts/getUpdates "HTTP/1.1 200 OK"
2026-06-04 10:55:53,500 - INFO - HTTP Request: POST https://api.telegram.org/bot8889448457:AAFHxj3rQzqqcVtOi7qPZ86-iek9Wtkyjts/sendMessage "HTTP/1.1 200 OK"
2026-06-04 10:55:55,500 - INFO - HTTP Request: POST https://api.telegram.org/bot8889448457:AAFHxj3rQzqqcVtOi7qPZ86-iek9Wtkyjts/getUpdates "HTTP/1.1 200 OK"
2026-06-04 10:55:55,741 - INFO - HTTP Request: POST https://api.telegram.org/bot8889448457:AAFHxj3rQzqqcVtOi7qPZ86-iek9Wtkyjts/sendMessage "HTTP/1.1 200 OK"
2026-06-04 10:55:56,680 - INFO - HTTP Request: POST https://api.telegram.org/bot8889448457:AAFHxj3rQzqqcVtOi7qPZ86-iek9Wtkyjts/getUpdates "HTTP/1.1 200 OK"
2026-06-04 10:55:56,901 - INFO - HTTP Request: POST https://api.telegram.org/bot8889448457:AAFHxj3rQzqqcVtOi7qPZ86-iek9Wtkyjts/sendMessage "HTTP/1.1 200 OK"
2026-06-04 10:55:59,761 - INFO - HTTP Request: POST https://api.telegram.org/bot8889448457:AAFHxj3rQzqqcVtOi7qPZ86-iek9Wtkyjts/getUpdates "HTTP/1.1 200 OK"
2026-06-04 10:55:59,994 - INFO - HTTP Request: POST https://api.telegram.org/bot8889448457:AAFHxj3rQzqqcVtOi7qPZ86-iek9Wtkyjts/sendMessage "HTTP/1.1 200 OK"
2026-06-04 10:56:03,930 - INFO - HTTP Request: POST https://api.telegram.org/bot8889448457:AAFHxj3rQzqqcVtOi7qPZ86-iek9Wtkyjts/getUpdates "HTTP/1.1 200 OK"
2026-06-04 10:56:04,167 - INFO - HTTP Request: POST https://api.telegram.org/bot8889448457:AAFHxj3rQzqqcVtOi7qPZ86-iek9Wtkyjts/sendMessage "HTTP/1.1 200 OK"
2026-06-04 10:56:09,472 - INFO - HTTP Request: POST https://api.telegram.org/bot8889448457:AAFHxj3rQzqqcVtOi7qPZ86-iek9Wtkyjts/getUpdates "HTTP/1.1 200 OK"
2026-06-04 10:56:10,442 - INFO - HTTP Request: POST https://api.telegram.org/bot8889448457:AAFHxj3rQzqqcVtOi7qPZ86-iek9Wtkyjts/sendMessage "HTTP/1.1 200 OK"
2026-06-04 10:56:19,669 - INFO - HTTP Request: POST https://api.telegram.org/bot8889448457:AAFHxj3rQzqqcVtOi7qPZ86-iek9Wtkyjts/getUpdates "HTTP/1.1 200 OK"
2026-06-04 10:56:23,473 - INFO - HTTP Request: POST https://api.telegram.org/bot8889448457:AAFHxj3rQzqqcVtOi7qPZ86-iek9Wtkyjts/getUpdates "HTTP/1.1 200 OK"
2026-06-04 10:56:25,277 - INFO - HTTP Request: POST https://api.telegram.org/bot8889448457:AAFHxj3rQzqqcVtOi7qPZ86-iek9Wtkyjts/sendMessage "HTTP/1.1 200 OK"
2026-06-04 10:56:27,243 - INFO - HTTP Request: POST https://api.telegram.org/bot8889448457:AAFHxj3rQzqqcVtOi7qPZ86-iek9Wtkyjts/getUpdates "HTTP/1.1 200 OK"
2026-06-04 10:56:27,456 - INFO - HTTP Request: POST https://api.telegram.org/bot8889448457:AAFHxj3rQzqqcVtOi7qPZ86-iek9Wtkyjts/sendMessage "HTTP/1.1 200 OK"
2026-06-04 10:56:29,925 - INFO - HTTP Request: POST https://api.telegram.org/bot8889448457:AAFHxj3rQzqqcVtOi7qPZ86-iek9Wtkyjts/getUpdates "HTTP/1.1 200 OK"
2026-06-04 10:56:30,145 - INFO - HTTP Request: POST https://api.telegram.org/bot8889448457:AAFHxj3rQzqqcVtOi7qPZ86-iek9Wtkyjts/sendMessage "HTTP/1.1 200 OK"
2026-06-04 10:56:32,201 - INFO - HTTP Request: POST https://api.telegram.org/bot8889448457:AAFHxj3rQzqqcVtOi7qPZ86-iek9Wtkyjts/getUpdates "HTTP/1.1 200 OK"
2026-06-04 10:56:32,532 - INFO - HTTP Request: POST https://api.telegram.org/bot8889448457:AAFHxj3rQzqqcVtOi7qPZ86-iek9Wtkyjts/sendMessage "HTTP/1.1 200 OK"
2026-06-04 10:56:42,366 - INFO - HTTP Request: POST https://api.telegram.org/bot8889448457:AAFHxj3rQzqqcVtOi7qPZ86-iek9Wtkyjts/getUpdates "HTTP/1.1 200 OK"
2026-06-04 10:56:47,836 - INFO - HTTP Request: POST https://api.telegram.org/bot8889448457:AAFHxj3rQzqqcVtOi7qPZ86-iek9Wtkyjts/getUpdates "HTTP/1.1 200 OK"
2026-06-04 10:56:49,496 - INFO - HTTP Request: POST https://api.telegram.org/bot8889448457:AAFHxj3rQzqqcVtOi7qPZ86-iek9Wtkyjts/sendMessage "HTTP/1.1 200 OK"
2026-06-04 10:56:58,030 - INFO - HTTP Request: POST https://api.telegram.org/bot8889448457:AAFHxj3rQzqqcVtOi7qPZ86-iek9Wtkyjts/getUpdates "HTTP/1.1 200 OK"
2026-06-04 10:57:02,586 - INFO - HTTP Request: POST https://api.telegram.org/bot8889448457:AAFHxj3rQzqqcVtOi7qPZ86-iek9Wtkyjts/getUpdates "HTTP/1.1 200 OK"
2026-06-04 10:57:08,010 - INFO - HTTP Request: POST https://api.telegram.org/bot8889448457:AAFHxj3rQzqqcVtOi7qPZ86-iek9Wtkyjts/getUpdates "HTTP/1.1 200 OK"
2026-06-04 10:57:09,843 - INFO - HTTP Request: POST https://api.telegram.org/bot8889448457:AAFHxj3rQzqqcVtOi7qPZ86-iek9Wtkyjts/getUpdates "HTTP/1.1 200 OK"
2026-06-04 10:57:11,447 - INFO - HTTP Request: POST https://api.telegram.org/bot8889448457:AAFHxj3rQzqqcVtOi7qPZ86-iek9Wtkyjts/sendMessage "HTTP/1.1 200 OK"
2026-06-04 10:57:20,015 - INFO - HTTP Request: POST https://api.telegram.org/bot8889448457:AAFHxj3rQzqqcVtOi7qPZ86-iek9Wtkyjts/getUpdates "HTTP/1.1 200 OK"
2026-06-04 10:57:20,906 - INFO - HTTP Request: POST https://api.telegram.org/bot8889448457:AAFHxj3rQzqqcVtOi7qPZ86-iek9Wtkyjts/getUpdates "HTTP/1.1 200 OK"
2026-06-04 10:57:20,932 - INFO - start: 8107206146
2026-06-04 10:57:21,809 - INFO - HTTP Request: POST https://api.telegram.org/bot8889448457:AAFHxj3rQzqqcVtOi7qPZ86-iek9Wtkyjts/sendMessage "HTTP/1.1 200 OK"
2026-06-04 10:57:31,104 - INFO - HTTP Request: POST https://api.telegram.org/bot8889448457:AAFHxj3rQzqqcVtOi7qPZ86-iek9Wtkyjts/getUpdates "HTTP/1.1 200 OK"
2026-06-04 10:57:37,679 - INFO - HTTP Request: POST https://api.telegram.org/bot8889448457:AAFHxj3rQzqqcVtOi7qPZ86-iek9Wtkyjts/getUpdates "HTTP/1.1 200 OK"
2026-06-04 10:57:39,230 - INFO - HTTP Request: POST https://api.telegram.org/bot8889448457:AAFHxj3rQzqqcVtOi7qPZ86-iek9Wtkyjts/sendMessage "HTTP/1.1 200 OK"
2026-06-04 10:57:47,860 - INFO - HTTP Request: POST https://api.telegram.org/bot8889448457:AAFHxj3rQzqqcVtOi7qPZ86-iek9Wtkyjts/getUpdates "HTTP/1.1 200 OK"
2026-06-04 10:57:58,012 - INFO - HTTP Request: POST https://api.telegram.org/bot8889448457:AAFHxj3rQzqqcVtOi7qPZ86-iek9Wtkyjts/getUpdates "HTTP/1.1 200 OK"
2026-06-04 10:57:58,889 - INFO - HTTP Request: POST https://api.telegram.org/bot8889448457:AAFHxj3rQzqqcVtOi7qPZ86-iek9Wtkyjts/sendMessage "HTTP/1.1 200 OK"
2026-06-04 10:58:08,204 - INFO - HTTP Request: POST https://api.telegram.org/bot8889448457:AAFHxj3rQzqqcVtOi7qPZ86-iek9Wtkyjts/getUpdates "HTTP/1.1 200 OK"
2026-06-04 10:58:15,799 - INFO - HTTP Request: POST https://api.telegram.org/bot8889448457:AAFHxj3rQzqqcVtOi7qPZ86-iek9Wtkyjts/getUpdates "HTTP/1.1 200 OK"
2026-06-04 10:58:16,783 - INFO - HTTP Request: POST https://api.telegram.org/bot8889448457:AAFHxj3rQzqqcVtOi7qPZ86-iek9Wtkyjts/sendMessage "HTTP/1.1 200 OK"
2026-06-04 10:58:18,374 - INFO - HTTP Request: POST https://api.telegram.org/bot8889448457:AAFHxj3rQzqqcVtOi7qPZ86-iek9Wtkyjts/getUpdates "HTTP/1.1 200 OK"
2026-06-04 10:58:18,635 - INFO - HTTP Request: POST https://api.telegram.org/bot8889448457:AAFHxj3rQzqqcVtOi7qPZ86-iek9Wtkyjts/sendMessage "HTTP/1.1 200 OK"
2026-06-04 10:58:20,802 - INFO - HTTP Request: POST https://api.telegram.org/bot8889448457:AAFHxj3rQzqqcVtOi7qPZ86-iek9Wtkyjts/getUpdates "HTTP/1.1 200 OK"
2026-06-04 10:58:21,021 - INFO - HTTP Request: POST https://api.telegram.org/bot8889448457:AAFHxj3rQzqqcVtOi7qPZ86-iek9Wtkyjts/sendMessage "HTTP/1.1 200 OK"
2026-06-04 10:58:22,656 - INFO - HTTP Request: POST https://api.telegram.org/bot8889448457:AAFHxj3rQzqqcVtOi7qPZ86-iek9Wtkyjts/getUpdates "HTTP/1.1 200 OK"
2026-06-04 10:58:22,895 - INFO - HTTP Request: POST https://api.telegram.org/bot8889448457:AAFHxj3rQzqqcVtOi7qPZ86-iek9Wtkyjts/sendMessage "HTTP/1.1 200 OK"
2026-06-04 10:58:25,635 - INFO - HTTP Request: POST https://api.telegram.org/bot8889448457:AAFHxj3rQzqqcVtOi7qPZ86-iek9Wtkyjts/getUpdates "HTTP/1.1 200 OK"
2026-06-04 10:58:25,861 - INFO - HTTP Request: POST https://api.telegram.org/bot8889448457:AAFHxj3rQzqqcVtOi7qPZ86-iek9Wtkyjts/sendMessage "HTTP/1.1 200 OK"
2026-06-04 10:58:34,748 - INFO - HTTP Request: POST https://api.telegram.org/bot8889448457:AAFHxj3rQzqqcVtOi7qPZ86-iek9Wtkyjts/getUpdates "HTTP/1.1 200 OK"
2026-06-04 10:58:36,443 - INFO - HTTP Request: POST https://api.telegram.org/bot8889448457:AAFHxj3rQzqqcVtOi7qPZ86-iek9Wtkyjts/sendMessage "HTTP/1.1 200 OK"
2026-06-04 10:58:44,903 - INFO - HTTP Request: POST https://api.telegram.org/bot8889448457:AAFHxj3rQzqqcVtOi7qPZ86-iek9Wtkyjts/getUpdates "HTTP/1.1 200 OK"
2026-06-04 10:58:45,836 - INFO - HTTP Request: POST https://api.telegram.org/bot8889448457:AAFHxj3rQzqqcVtOi7qPZ86-iek9Wtkyjts/sendMessage "HTTP/1.1 200 OK"
2026-06-04 10:58:55,076 - INFO - HTTP Request: POST https://api.telegram.org/bot8889448457:AAFHxj3rQzqqcVtOi7qPZ86-iek9Wtkyjts/getUpdates "HTTP/1.1 200 OK"
2026-06-04 10:58:56,552 - INFO - HTTP Request: POST https://api.telegram.org/bot8889448457:AAFHxj3rQzqqcVtOi7qPZ86-iek9Wtkyjts/getUpdates "HTTP/1.1 200 OK"
2026-06-04 10:58:57,441 - INFO - HTTP Request: POST https://api.telegram.org/bot8889448457:AAFHxj3rQzqqcVtOi7qPZ86-iek9Wtkyjts/sendMessage "HTTP/1.1 200 OK"
2026-06-04 10:59:02,461 - INFO - HTTP Request: POST https://api.telegram.org/bot8889448457:AAFHxj3rQzqqcVtOi7qPZ86-iek9Wtkyjts/getUpdates "HTTP/1.1 200 OK"
2026-06-04 10:59:04,055 - INFO - HTTP Request: POST https://api.telegram.org/bot8889448457:AAFHxj3rQzqqcVtOi7qPZ86-iek9Wtkyjts/sendMessage "HTTP/1.1 200 OK"
2026-06-04 10:59:07,949 - INFO - HTTP Request: POST https://api.telegram.org/bot8889448457:AAFHxj3rQzqqcVtOi7qPZ86-iek9Wtkyjts/getUpdates "HTTP/1.1 200 OK"
2026-06-04 10:59:08,149 - INFO - HTTP Request: POST https://api.telegram.org/bot8889448457:AAFHxj3rQzqqcVtOi7qPZ86-iek9Wtkyjts/sendMessage "HTTP/1.1 200 OK"
2026-06-04 10:59:12,249 - INFO - HTTP Request: POST https://api.telegram.org/bot8889448457:AAFHxj3rQzqqcVtOi7qPZ86-iek9Wtkyjts/getUpdates "HTTP/1.1 200 OK"
2026-06-04 10:59:12,451 - INFO - HTTP Request: POST https://api.telegram.org/bot8889448457:AAFHxj3rQzqqcVtOi7qPZ86-iek9Wtkyjts/sendMessage "HTTP/1.1 200 OK"
2026-06-04 10:59:21,139 - INFO - HTTP Request: POST https://api.telegram.org/bot8889448457:AAFHxj3rQzqqcVtOi7qPZ86-iek9Wtkyjts/getUpdates "HTTP/1.1 200 OK"
2026-06-04 10:59:22,945 - INFO - HTTP Request: POST https://api.telegram.org/bot8889448457:AAFHxj3rQzqqcVtOi7qPZ86-iek9Wtkyjts/sendMessage "HTTP/1.1 200 OK"
2026-06-04 10:59:31,316 - INFO - HTTP Request: POST https://api.telegram.org/bot8889448457:AAFHxj3rQzqqcVtOi7qPZ86-iek9Wtkyjts/getUpdates "HTTP/1.1 200 OK"
2026-06-04 10:59:41,473 - INFO - HTTP Request: POST https://api.telegram.org/bot8889448457:AAFHxj3rQzqqcVtOi7qPZ86-iek9Wtkyjts/getUpdates "HTTP/1.1 200 OK"
2026-06-04 10:59:51,643 - INFO - HTTP Request: POST https://api.telegram.org/bot8889448457:AAFHxj3rQzqqcVtOi7qPZ86-iek9Wtkyjts/getUpdates "HTTP/1.1 200 OK"
2026-06-04 11:00:01,830 - INFO - HTTP Request: POST https://api.telegram.org/bot8889448457:AAFHxj3rQzqqcVtOi7qPZ86-iek9Wtkyjts/getUpdates "HTTP/1.1 200 OK"
2026-06-04 11:00:07,449 - INFO - HTTP Request: POST https://api.telegram.org/bot8889448457:AAFHxj3rQzqqcVtOi7qPZ86-iek9Wtkyjts/getUpdates "HTTP/1.1 200 OK"
2026-06-04 11:00:13,762 - INFO - HTTP Request: POST https://api.telegram.org/bot8889448457:AAFHxj3rQzqqcVtOi7qPZ86-iek9Wtkyjts/getUpdates "HTTP/1.1 200 OK"
2026-06-04 11:00:15,494 - INFO - HTTP Request: POST https://api.telegram.org/bot8889448457:AAFHxj3rQzqqcVtOi7qPZ86-iek9Wtkyjts/sendMessage "HTTP/1.1 200 OK"
2026-06-04 11:00:18,038 - INFO - HTTP Request: POST https://api.telegram.org/bot8889448457:AAFHxj3rQzqqcVtOi7qPZ86-iek9Wtkyjts/getUpdates "HTTP/1.1 200 OK"
2026-06-04 11:00:18,254 - INFO - HTTP Request: POST https://api.telegram.org/bot8889448457:AAFHxj3rQzqqcVtOi7qPZ86-iek9Wtkyjts/sendMessage "HTTP/1.1 200 OK"
2026-06-04 11:00:23,442 - INFO - HTTP Request: POST https://api.telegram.org/bot8889448457:AAFHxj3rQzqqcVtOi7qPZ86-iek9Wtkyjts/getUpdates "HTTP/1.1 200 OK"
2026-06-04 11:00:24,384 - INFO - HTTP Request: POST https://api.telegram.org/bot8889448457:AAFHxj3rQzqqcVtOi7qPZ86-iek9Wtkyjts/sendMessage "HTTP/1.1 200 OK"
2026-06-04 11:00:27,812 - INFO - HTTP Request: POST https://api.telegram.org/bot8889448457:AAFHxj3rQzqqcVtOi7qPZ86-iek9Wtkyjts/getUpdates "HTTP/1.1 200 OK"
2026-06-04 11:00:28,013 - INFO - HTTP Request: POST https://api.telegram.org/bot8889448457:AAFHxj3rQzqqcVtOi7qPZ86-iek9Wtkyjts/sendMessage "HTTP/1.1 200 OK"
2026-06-04 11:00:37,983 - INFO - HTTP Request: POST https://api.telegram.org/bot8889448457:AAFHxj3rQzqqcVtOi7qPZ86-iek9Wtkyjts/getUpdates "HTTP/1.1 200 OK"
2026-06-04 11:00:48,145 - INFO - HTTP Request: POST https://api.telegram.org/bot8889448457:AAFHxj3rQzqqcVtOi7qPZ86-iek9Wtkyjts/getUpdates "HTTP/1.1 200 OK"
2026-06-04 11:00:49,943 - INFO - HTTP Request: POST https://api.telegram.org/bot8889448457:AAFHxj3rQzqqcVtOi7qPZ86-iek9Wtkyjts/sendMessage "HTTP/1.1 200 OK"
2026-06-04 11:00:54,354 - INFO - HTTP Request: POST https://api.telegram.org/bot8889448457:AAFHxj3rQzqqcVtOi7qPZ86-iek9Wtkyjts/getUpdates "HTTP/1.1 200 OK"
2026-06-04 11:00:54,586 - INFO - HTTP Request: POST https://api.telegram.org/bot8889448457:AAFHxj3rQzqqcVtOi7qPZ86-iek9Wtkyjts/sendMessage "HTTP/1.1 200 OK"
2026-06-04 11:00:56,460 - INFO - HTTP Request: POST https://api.telegram.org/bot8889448457:AAFHxj3rQzqqcVtOi7qPZ86-iek9Wtkyjts/getUpdates "HTTP/1.1 200 OK"
2026-06-04 11:00:56,680 - INFO - HTTP Request: POST https://api.telegram.org/bot8889448457:AAFHxj3rQzqqcVtOi7qPZ86-iek9Wtkyjts/sendMessage "HTTP/1.1 200 OK"
2026-06-04 11:01:06,653 - INFO - HTTP Request: POST https://api.telegram.org/bot8889448457:AAFHxj3rQzqqcVtOi7qPZ86-iek9Wtkyjts/getUpdates "HTTP/1.1 200 OK"
2026-06-04 11:01:16,832 - INFO - HTTP Request: POST https://api.telegram.org/bot8889448457:AAFHxj3rQzqqcVtOi7qPZ86-iek9Wtkyjts/getUpdates "HTTP/1.1 200 OK"
2026-06-04 11:01:27,090 - INFO - HTTP Request: POST https://api.telegram.org/bot8889448457:AAFHxj3rQzqqcVtOi7qPZ86-iek9Wtkyjts/getUpdates "HTTP/1.1 200 OK"
2026-06-04 11:01:37,253 - INFO - HTTP Request: POST https://api.telegram.org/bot8889448457:AAFHxj3rQzqqcVtOi7qPZ86-iek9Wtkyjts/getUpdates "HTTP/1.1 200 OK"
2026-06-04 11:01:42,381 - INFO - HTTP Request: POST https://api.telegram.org/bot8889448457:AAFHxj3rQzqqcVtOi7qPZ86-iek9Wtkyjts/getUpdates "HTTP/1.1 200 OK"
2026-06-04 11:01:44,007 - INFO - HTTP Request: POST https://api.telegram.org/bot8889448457:AAFHxj3rQzqqcVtOi7qPZ86-iek9Wtkyjts/sendMessage "HTTP/1.1 200 OK"
2026-06-04 11:01:48,441 - INFO - HTTP Request: POST https://api.telegram.org/bot8889448457:AAFHxj3rQzqqcVtOi7qPZ86-iek9Wtkyjts/getUpdates "HTTP/1.1 200 OK"
2026-06-04 11:01:48,648 - INFO - HTTP Request: POST https://api.telegram.org/bot8889448457:AAFHxj3rQzqqcVtOi7qPZ86-iek9Wtkyjts/sendMessage "HTTP/1.1 200 OK"
2026-06-04 11:01:51,499 - INFO - HTTP Request: POST https://api.telegram.org/bot8889448457:AAFHxj3rQzqqcVtOi7qPZ86-iek9Wtkyjts/getUpdates "HTTP/1.1 200 OK"
2026-06-04 11:01:51,756 - INFO - HTTP Request: POST https://api.telegram.org/bot8889448457:AAFHxj3rQzqqcVtOi7qPZ86-iek9Wtkyjts/sendMessage "HTTP/1.1 200 OK"
2026-06-04 11:01:53,256 - INFO - HTTP Request: POST https://api.telegram.org/bot8889448457:AAFHxj3rQzqqcVtOi7qPZ86-iek9Wtkyjts/getUpdates "HTTP/1.1 200 OK"
2026-06-04 11:01:53,455 - INFO - HTTP Request: POST https://api.telegram.org/bot8889448457:AAFHxj3rQzqqcVtOi7qPZ86-iek9Wtkyjts/sendMessage "HTTP/1.1 200 OK"
2026-06-04 11:01:54,808 - INFO - HTTP Request: POST https://api.telegram.org/bot8889448457:AAFHxj3rQzqqcVtOi7qPZ86-iek9Wtkyjts/getUpdates "HTTP/1.1 200 OK"
2026-06-04 11:01:55,013 - INFO - HTTP Request: POST https://api.telegram.org/bot8889448457:AAFHxj3rQzqqcVtOi7qPZ86-iek9Wtkyjts/sendMessage "HTTP/1.1 200 OK"
2026-06-04 11:01:59,612 - INFO - HTTP Request: POST https://api.telegram.org/bot8889448457:AAFHxj3rQzqqcVtOi7qPZ86-iek9Wtkyjts/getUpdates "HTTP/1.1 200 OK"
2026-06-04 11:01:59,799 - INFO - HTTP Request: POST https://api.telegram.org/bot8889448457:AAFHxj3rQzqqcVtOi7qPZ86-iek9Wtkyjts/sendMessage "HTTP/1.1 200 OK"
2026-06-04 11:02:09,794 - INFO - HTTP Request: POST https://api.telegram.org/bot8889448457:AAFHxj3rQzqqcVtOi7qPZ86-iek9Wtkyjts/getUpdates "HTTP/1.1 200 OK"
2026-06-04 11:02:19,974 - INFO - HTTP Request: POST https://api.telegram.org/bot8889448457:AAFHxj3rQzqqcVtOi7qPZ86-iek9Wtkyjts/getUpdates "HTTP/1.1 200 OK"
2026-06-04 11:02:20,839 - INFO - HTTP Request: POST https://api.telegram.org/bot8889448457:AAFHxj3rQzqqcVtOi7qPZ86-iek9Wtkyjts/getUpdates "HTTP/1.1 200 OK"
2026-06-04 11:02:22,495 - INFO - HTTP Request: POST https://api.telegram.org/bot8889448457:AAFHxj3rQzqqcVtOi7qPZ86-iek9Wtkyjts/sendMessage "HTTP/1.1 200 OK"
2026-06-04 11:02:26,411 - INFO - HTTP Request: POST https://api.telegram.org/bot8889448457:AAFHxj3rQzqqcVtOi7qPZ86-iek9Wtkyjts/getUpdates "HTTP/1.1 200 OK"
2026-06-04 11:02:26,634 - INFO - HTTP Request: POST https://api.telegram.org/bot8889448457:AAFHxj3rQzqqcVtOi7qPZ86-iek9Wtkyjts/sendMessage "HTTP/1.1 200 OK"
2026-06-04 11:02:27,557 - INFO - HTTP Request: POST https://api.telegram.org/bot8889448457:AAFHxj3rQzqqcVtOi7qPZ86-iek9Wtkyjts/getUpdates "HTTP/1.1 200 OK"
2026-06-04 11:02:27,914 - INFO - HTTP Request: POST https://api.telegram.org/bot8889448457:AAFHxj3rQzqqcVtOi7qPZ86-iek9Wtkyjts/sendMessage "HTTP/1.1 200 OK"
2026-06-04 11:02:31,392 - INFO - HTTP Request: POST https://api.telegram.org/bot8889448457:AAFHxj3rQzqqcVtOi7qPZ86-iek9Wtkyjts/getUpdates "HTTP/1.1 200 OK"
2026-06-04 11:02:31,601 - INFO - HTTP Request: POST https://api.telegram.org/bot8889448457:AAFHxj3rQzqqcVtOi7qPZ86-iek9Wtkyjts/sendMessage "HTTP/1.1 200 OK"
2026-06-04 11:02:41,573 - INFO - HTTP Request: POST https://api.telegram.org/bot8889448457:AAFHxj3rQzqqcVtOi7qPZ86-iek9Wtkyjts/getUpdates "HTTP/1.1 200 OK"
2026-06-04 11:02:45,345 - INFO - HTTP Request: POST https://api.telegram.org/bot8889448457:AAFHxj3rQzqqcVtOi7qPZ86-iek9Wtkyjts/getUpdates "HTTP/1.1 200 OK"
2026-06-04 11:02:47,201 - INFO - HTTP Request: POST https://api.telegram.org/bot8889448457:AAFHxj3rQzqqcVtOi7qPZ86-iek9Wtkyjts/sendMessage "HTTP/1.1 200 OK"
2026-06-04 11:02:53,782 - INFO - HTTP Request: POST https://api.telegram.org/bot8889448457:AAFHxj3rQzqqcVtOi7qPZ86-iek9Wtkyjts/getUpdates "HTTP/1.1 200 OK"
2026-06-04 11:02:54,745 - INFO - HTTP Request: POST https://api.telegram.org/bot8889448457:AAFHxj3rQzqqcVtOi7qPZ86-iek9Wtkyjts/sendMessage "HTTP/1.1 200 OK"
2026-06-04 11:03:03,957 - INFO - HTTP Request: POST https://api.telegram.org/bot8889448457:AAFHxj3rQzqqcVtOi7qPZ86-iek9Wtkyjts/getUpdates "HTTP/1.1 200 OK"
2026-06-04 11:03:14,113 - INFO - HTTP Request: POST https://api.telegram.org/bot8889448457:AAFHxj3rQzqqcVtOi7qPZ86-iek9Wtkyjts/getUpdates "HTTP/1.1 200 OK"
2026-06-04 11:03:16,194 - INFO - HTTP Request: POST https://api.telegram.org/bot8889448457:AAFHxj3rQzqqcVtOi7qPZ86-iek9Wtkyjts/getUpdates "HTTP/1.1 200 OK"
2026-06-04 11:03:17,966 - INFO - HTTP Request: POST https://api.telegram.org/bot8889448457:AAFHxj3rQzqqcVtOi7qPZ86-iek9Wtkyjts/sendMessage "HTTP/1.1 200 OK"
2026-06-04 11:03:26,359 - INFO - HTTP Request: POST https://api.telegram.org/bot8889448457:AAFHxj3rQzqqcVtOi7qPZ86-iek9Wtkyjts/getUpdates "HTTP/1.1 200 OK"
2026-06-04 11:03:36,532 - INFO - HTTP Request: POST https://api.telegram.org/bot8889448457:AAFHxj3rQzqqcVtOi7qPZ86-iek9Wtkyjts/getUpdates "HTTP/1.1 200 OK"
2026-06-04 11:03:46,681 - INFO - HTTP Request: POST https://api.telegram.org/bot8889448457:AAFHxj3rQzqqcVtOi7qPZ86-iek9Wtkyjts/getUpdates "HTTP/1.1 200 OK"
2026-06-04 11:03:54,215 - INFO - HTTP Request: POST https://api.telegram.org/bot8889448457:AAFHxj3rQzqqcVtOi7qPZ86-iek9Wtkyjts/getUpdates "HTTP/1.1 200 OK"
2026-06-04 11:03:55,988 - INFO - HTTP Request: POST https://api.telegram.org/bot8889448457:AAFHxj3rQzqqcVtOi7qPZ86-iek9Wtkyjts/sendMessage "HTTP/1.1 200 OK"
2026-06-04 11:04:00,542 - INFO - HTTP Request: POST https://api.telegram.org/bot8889448457:AAFHxj3rQzqqcVtOi7qPZ86-iek9Wtkyjts/getUpdates "HTTP/1.1 200 OK"
2026-06-04 11:04:00,770 - INFO - HTTP Request: POST https://api.telegram.org/bot8889448457:AAFHxj3rQzqqcVtOi7qPZ86-iek9Wtkyjts/sendMessage "HTTP/1.1 200 OK"
2026-06-04 11:04:10,729 - INFO - HTTP Request: POST https://api.telegram.org/bot8889448457:AAFHxj3rQzqqcVtOi7qPZ86-iek9Wtkyjts/getUpdates "HTTP/1.1 200 OK"
2026-06-04 11:04:15,946 - INFO - HTTP Request: POST https://api.telegram.org/bot8889448457:AAFHxj3rQzqqcVtOi7qPZ86-iek9Wtkyjts/getUpdates "HTTP/1.1 200 OK"
2026-06-04 11:04:17,689 - INFO - HTTP Request: POST https://api.telegram.org/bot8889448457:AAFHxj3rQzqqcVtOi7qPZ86-iek9Wtkyjts/sendMessage "HTTP/1.1 200 OK"
2026-06-04 11:04:21,774 - INFO - HTTP Request: POST https://api.telegram.org/bot8889448457:AAFHxj3rQzqqcVtOi7qPZ86-iek9Wtkyjts/getUpdates "HTTP/1.1 200 OK"
2026-06-04 11:04:22,013 - INFO - HTTP Request: POST https://api.telegram.org/bot8889448457:AAFHxj3rQzqqcVtOi7qPZ86-iek9Wtkyjts/sendMessage "HTTP/1.1 200 OK"
2026-06-04 11:04:23,292 - INFO - HTTP Request: POST https://api.telegram.org/bot8889448457:AAFHxj3rQzqqcVtOi7qPZ86-iek9Wtkyjts/getUpdates "HTTP/1.1 200 OK"
2026-06-04 11:04:23,533 - INFO - HTTP Request: POST https://api.telegram.org/bot8889448457:AAFHxj3rQzqqcVtOi7qPZ86-iek9Wtkyjts/sendMessage "HTTP/1.1 200 OK"
2026-06-04 11:04:25,025 - INFO - HTTP Request: POST https://api.telegram.org/bot8889448457:AAFHxj3rQzqqcVtOi7qPZ86-iek9Wtkyjts/getUpdates "HTTP/1.1 200 OK"
2026-06-04 11:04:25,228 - INFO - HTTP Request: POST https://api.telegram.org/bot8889448457:AAFHxj3rQzqqcVtOi7qPZ86-iek9Wtkyjts/answerCallbackQuery "HTTP/1.1 200 OK"
2026-06-04 11:04:25,514 - INFO - HTTP Request: POST https://api.telegram.org/bot8889448457:AAFHxj3rQzqqcVtOi7qPZ86-iek9Wtkyjts/sendAudio "HTTP/1.1 200 OK"
2026-06-04 11:04:28,401 - INFO - HTTP Request: POST https://api.telegram.org/bot8889448457:AAFHxj3rQzqqcVtOi7qPZ86-iek9Wtkyjts/getUpdates "HTTP/1.1 200 OK"
2026-06-04 11:04:28,629 - INFO - HTTP Request: POST https://api.telegram.org/bot8889448457:AAFHxj3rQzqqcVtOi7qPZ86-iek9Wtkyjts/answerCallbackQuery "HTTP/1.1 200 OK"
2026-06-04 11:04:28,858 - INFO - HTTP Request: POST https://api.telegram.org/bot8889448457:AAFHxj3rQzqqcVtOi7qPZ86-iek9Wtkyjts/answerCallbackQuery "HTTP/1.1 200 OK"
2026-06-04 11:04:31,073 - INFO - HTTP Request: POST https://api.telegram.org/bot8889448457:AAFHxj3rQzqqcVtOi7qPZ86-iek9Wtkyjts/getUpdates "HTTP/1.1 200 OK"
2026-06-04 11:04:31,334 - INFO - HTTP Request: POST https://api.telegram.org/bot8889448457:AAFHxj3rQzqqcVtOi7qPZ86-iek9Wtkyjts/sendMessage "HTTP/1.1 200 OK"
2026-06-04 11:04:33,713 - INFO - HTTP Request: POST https://api.telegram.org/bot8889448457:AAFHxj3rQzqqcVtOi7qPZ86-iek9Wtkyjts/getUpdates "HTTP/1.1 200 OK"
2026-06-04 11:04:34,028 - INFO - HTTP Request: POST https://api.telegram.org/bot8889448457:AAFHxj3rQzqqcVtOi7qPZ86-iek9Wtkyjts/sendMessage "HTTP/1.1 200 OK"
2026-06-04 11:04:35,505 - INFO - HTTP Request: POST https://api.telegram.org/bot8889448457:AAFHxj3rQzqqcVtOi7qPZ86-iek9Wtkyjts/getUpdates "HTTP/1.1 200 OK"
2026-06-04 11:04:35,716 - INFO - HTTP Request: POST https://api.telegram.org/bot8889448457:AAFHxj3rQzqqcVtOi7qPZ86-iek9Wtkyjts/answerCallbackQuery "HTTP/1.1 200 OK"
2026-06-04 11:04:35,950 - INFO - HTTP Request: POST https://api.telegram.org/bot8889448457:AAFHxj3rQzqqcVtOi7qPZ86-iek9Wtkyjts/editMessageText "HTTP/1.1 200 OK"
2026-06-04 11:04:37,972 - INFO - HTTP Request: POST https://api.telegram.org/bot8889448457:AAFHxj3rQzqqcVtOi7qPZ86-iek9Wtkyjts/getUpdates "HTTP/1.1 200 OK"
2026-06-04 11:04:38,236 - INFO - HTTP Request: POST https://api.telegram.org/bot8889448457:AAFHxj3rQzqqcVtOi7qPZ86-iek9Wtkyjts/sendMessage "HTTP/1.1 200 OK"
2026-06-04 11:04:39,665 - INFO - HTTP Request: POST https://api.telegram.org/bot8889448457:AAFHxj3rQzqqcVtOi7qPZ86-iek9Wtkyjts/getUpdates "HTTP/1.1 200 OK"
2026-06-04 11:04:39,891 - INFO - HTTP Request: POST https://api.telegram.org/bot8889448457:AAFHxj3rQzqqcVtOi7qPZ86-iek9Wtkyjts/answerCallbackQuery "HTTP/1.1 200 OK"
2026-06-04 11:04:40,162 - INFO - HTTP Request: POST https://api.telegram.org/bot8889448457:AAFHxj3rQzqqcVtOi7qPZ86-iek9Wtkyjts/sendAudio "HTTP/1.1 200 OK"
2026-06-04 11:04:49,841 - INFO - HTTP Request: POST https://api.telegram.org/bot8889448457:AAFHxj3rQzqqcVtOi7qPZ86-iek9Wtkyjts/getUpdates "HTTP/1.1 200 OK"
2026-06-04 11:05:00,041 - INFO - HTTP Request: POST https://api.telegram.org/bot8889448457:AAFHxj3rQzqqcVtOi7qPZ86-iek9Wtkyjts/getUpdates "HTTP/1.1 200 OK"
2026-06-04 11:05:11,042 - INFO - HTTP Request: POST https://api.telegram.org/bot8889448457:AAFHxj3rQzqqcVtOi7qPZ86-iek9Wtkyjts/getUpdates "HTTP/1.1 200 OK"
2026-06-04 11:05:21,233 - INFO - HTTP Request: POST https://api.telegram.org/bot8889448457:AAFHxj3rQzqqcVtOi7qPZ86-iek9Wtkyjts/getUpdates "HTTP/1.1 200 OK"
2026-06-04 11:05:31,441 - INFO - HTTP Request: POST https://api.telegram.org/bot8889448457:AAFHxj3rQzqqcVtOi7qPZ86-iek9Wtkyjts/getUpdates "HTTP/1.1 200 OK"
2026-06-04 11:05:41,590 - INFO - HTTP Request: POST https://api.telegram.org/bot8889448457:AAFHxj3rQzqqcVtOi7qPZ86-iek9Wtkyjts/getUpdates "HTTP/1.1 200 OK"
2026-06-04 11:05:51,788 - INFO - HTTP Request: POST https://api.telegram.org/bot8889448457:AAFHxj3rQzqqcVtOi7qPZ86-iek9Wtkyjts/getUpdates "HTTP/1.1 200 OK"
2026-06-04 11:06:02,001 - INFO - HTTP Request: POST https://api.telegram.org/bot8889448457:AAFHxj3rQzqqcVtOi7qPZ86-iek9Wtkyjts/getUpdates "HTTP/1.1 200 OK"
2026-06-04 11:06:12,191 - INFO - HTTP Request: POST https://api.telegram.org/bot8889448457:AAFHxj3rQzqqcVtOi7qPZ86-iek9Wtkyjts/getUpdates "HTTP/1.1 200 OK"
2026-06-04 11:06:22,454 - INFO - HTTP Request: POST https://api.telegram.org/bot8889448457:AAFHxj3rQzqqcVtOi7qPZ86-iek9Wtkyjts/getUpdates "HTTP/1.1 200 OK"
2026-06-04 11:06:32,921 - INFO - HTTP Request: POST https://api.telegram.org/bot8889448457:AAFHxj3rQzqqcVtOi7qPZ86-iek9Wtkyjts/getUpdates "HTTP/1.1 200 OK"
2026-06-04 11:06:43,616 - INFO - HTTP Request: POST https://api.telegram.org/bot8889448457:AAFHxj3rQzqqcVtOi7qPZ86-iek9Wtkyjts/getUpdates "HTTP/1.1 200 OK"
2026-06-04 11:06:54,500 - INFO - HTTP Request: POST https://api.telegram.org/bot8889448457:AAFHxj3rQzqqcVtOi7qPZ86-iek9Wtkyjts/getUpdates "HTTP/1.1 200 OK"
2026-06-04 11:07:04,908 - INFO - HTTP Request: POST https://api.telegram.org/bot8889448457:AAFHxj3rQzqqcVtOi7qPZ86-iek9Wtkyjts/getUpdates "HTTP/1.1 200 OK"
2026-06-04 11:07:15,122 - INFO - HTTP Request: POST https://api.telegram.org/bot8889448457:AAFHxj3rQzqqcVtOi7qPZ86-iek9Wtkyjts/getUpdates "HTTP/1.1 200 OK"
2026-06-04 11:07:25,483 - INFO - HTTP Request: POST https://api.telegram.org/bot8889448457:AAFHxj3rQzqqcVtOi7qPZ86-iek9Wtkyjts/getUpdates "HTTP/1.1 200 OK"
2026-06-04 11:07:35,789 - INFO - HTTP Request: POST https://api.telegram.org/bot8889448457:AAFHxj3rQzqqcVtOi7qPZ86-iek9Wtkyjts/getUpdates "HTTP/1.1 200 OK"
2026-06-04 11:07:46,031 - INFO - HTTP Request: POST https://api.telegram.org/bot8889448457:AAFHxj3rQzqqcVtOi7qPZ86-iek9Wtkyjts/getUpdates "HTTP/1.1 200 OK"
2026-06-04 11:07:56,718 - INFO - HTTP Request: POST https://api.telegram.org/bot8889448457:AAFHxj3rQzqqcVtOi7qPZ86-iek9Wtkyjts/getUpdates "HTTP/1.1 200 OK"
2026-06-04 11:08:08,718 - INFO - HTTP Request: POST https://api.telegram.org/bot8889448457:AAFHxj3rQzqqcVtOi7qPZ86-iek9Wtkyjts/getUpdates "HTTP/1.1 200 OK"
2026-06-04 11:08:19,292 - INFO - HTTP Request: POST https://api.telegram.org/bot8889448457:AAFHxj3rQzqqcVtOi7qPZ86-iek9Wtkyjts/getUpdates "HTTP/1.1 200 OK"
2026-06-04 11:08:29,451 - INFO - HTTP Request: POST https://api.telegram.org/bot8889448457:AAFHxj3rQzqqcVtOi7qPZ86-iek9Wtkyjts/getUpdates "HTTP/1.1 200 OK"
2026-06-04 11:08:39,626 - INFO - HTTP Request: POST https://api.telegram.org/bot8889448457:AAFHxj3rQzqqcVtOi7qPZ86-iek9Wtkyjts/getUpdates "HTTP/1.1 200 OK"
2026-06-04 11:08:49,882 - INFO - HTTP Request: POST https://api.telegram.org/bot8889448457:AAFHxj3rQzqqcVtOi7qPZ86-iek9Wtkyjts/getUpdates "HTTP/1.1 200 OK"
2026-06-04 11:09:00,059 - INFO - HTTP Request: POST https://api.telegram.org/bot8889448457:AAFHxj3rQzqqcVtOi7qPZ86-iek9Wtkyjts/getUpdates "HTTP/1.1 200 OK"
2026-06-04 11:09:10,888 - INFO - HTTP Request: POST https://api.telegram.org/bot8889448457:AAFHxj3rQzqqcVtOi7qPZ86-iek9Wtkyjts/getUpdates "HTTP/1.1 200 OK"
2026-06-04 11:09:21,076 - INFO - HTTP Request: POST https://api.telegram.org/bot8889448457:AAFHxj3rQzqqcVtOi7qPZ86-iek9Wtkyjts/getUpdates "HTTP/1.1 200 OK"
2026-06-04 11:09:31,259 - INFO - HTTP Request: POST https://api.telegram.org/bot8889448457:AAFHxj3rQzqqcVtOi7qPZ86-iek9Wtkyjts/getUpdates "HTTP/1.1 200 OK"
2026-06-04 11:09:41,461 - INFO - HTTP Request: POST https://api.telegram.org/bot8889448457:AAFHxj3rQzqqcVtOi7qPZ86-iek9Wtkyjts/getUpdates "HTTP/1.1 200 OK"
2026-06-04 11:09:51,659 - INFO - HTTP Request: POST https://api.telegram.org/bot8889448457:AAFHxj3rQzqqcVtOi7qPZ86-iek9Wtkyjts/getUpdates "HTTP/1.1 200 OK"
2026-06-04 11:10:01,830 - INFO - HTTP Request: POST https://api.telegram.org/bot8889448457:AAFHxj3rQzqqcVtOi7qPZ86-iek9Wtkyjts/getUpdates "HTTP/1.1 200 OK"
2026-06-04 11:10:11,998 - INFO - HTTP Request: POST https://api.telegram.org/bot8889448457:AAFHxj3rQzqqcVtOi7qPZ86-iek9Wtkyjts/getUpdates "HTTP/1.1 200 OK"
2026-06-04 11:10:22,163 - INFO - HTTP Request: POST https://api.telegram.org/bot8889448457:AAFHxj3rQzqqcVtOi7qPZ86-iek9Wtkyjts/getUpdates "HTTP/1.1 200 OK"
2026-06-04 11:10:32,324 - INFO - HTTP Request: POST https://api.telegram.org/bot8889448457:AAFHxj3rQzqqcVtOi7qPZ86-iek9Wtkyjts/getUpdates "HTTP/1.1 200 OK"
2026-06-04 11:10:42,515 - INFO - HTTP Request: POST https://api.telegram.org/bot8889448457:AAFHxj3rQzqqcVtOi7qPZ86-iek9Wtkyjts/getUpdates "HTTP/1.1 200 OK"
2026-06-04 11:10:52,758 - INFO - HTTP Request: POST https://api.telegram.org/bot8889448457:AAFHxj3rQzqqcVtOi7qPZ86-iek9Wtkyjts/getUpdates "HTTP/1.1 200 OK"
2026-06-04 11:10:58,020 - INFO - HTTP Request: POST https://api.telegram.org/bot8889448457:AAFHxj3rQzqqcVtOi7qPZ86-iek9Wtkyjts/getUpdates "HTTP/1.1 200 OK"
2026-06-04 11:10:58,024 - INFO - Application is stopping. This might take a moment.
2026-06-04 11:10:58,033 - INFO - Scheduler has been shut down
2026-06-04 11:10:58,044 - INFO - Application.stop() complete
